Archive member included to satisfy reference by file (symbol)

../../../lib-includes/capi324v22x-v2.06.000R\libcapi324v22x.a(CBOT_main.o)
                              C:/Program Files (x86)/Atmel/Studio/7.0/Packs/atmel/ATmega_DFP/1.0.106/gcc/dev/atmega324p/avr5/crtatmega324p.o (main)
../../../lib-includes/capi324v22x-v2.06.000R\libcapi324v22x.a(LCD_clear.o)
                              main.o (LCD_clear)
../../../lib-includes/capi324v22x-v2.06.000R\libcapi324v22x.a(LCD_open.o)
                              main.o (LCD_open)
../../../lib-includes/capi324v22x-v2.06.000R\libcapi324v22x.a(LCD_set_PGC_addr.o)
                              ../../../lib-includes/capi324v22x-v2.06.000R\libcapi324v22x.a(LCD_clear.o) (LCD_set_PGC_addr)
../../../lib-includes/capi324v22x-v2.06.000R\libcapi324v22x.a(LCD_set_backlight.o)
                              ../../../lib-includes/capi324v22x-v2.06.000R\libcapi324v22x.a(LCD_open.o) (LCD_set_backlight)
../../../lib-includes/capi324v22x-v2.06.000R\libcapi324v22x.a(LCD_set_next_PGC.o)
                              ../../../lib-includes/capi324v22x-v2.06.000R\libcapi324v22x.a(LCD_clear.o) (LCD_set_next_PGC)
../../../lib-includes/capi324v22x-v2.06.000R\libcapi324v22x.a(LCD_write.o)
                              ../../../lib-includes/capi324v22x-v2.06.000R\libcapi324v22x.a(LCD_clear.o) (LCD_write)
../../../lib-includes/capi324v22x-v2.06.000R\libcapi324v22x.a(__LCD_init.o)
                              ../../../lib-includes/capi324v22x-v2.06.000R\libcapi324v22x.a(LCD_open.o) (__LCD_init)
../../../lib-includes/capi324v22x-v2.06.000R\libcapi324v22x.a(PSXC_open.o)
                              main.o (PSXC_open)
../../../lib-includes/capi324v22x-v2.06.000R\libcapi324v22x.a(PSXC_read.o)
                              main.o (PSXC_read)
../../../lib-includes/capi324v22x-v2.06.000R\libcapi324v22x.a(SPI_open.o)
                              ../../../lib-includes/capi324v22x-v2.06.000R\libcapi324v22x.a(LCD_open.o) (SPI_open)
../../../lib-includes/capi324v22x-v2.06.000R\libcapi324v22x.a(SPI_receive.o)
                              ../../../lib-includes/capi324v22x-v2.06.000R\libcapi324v22x.a(PSXC_read.o) (SPI_receive)
../../../lib-includes/capi324v22x-v2.06.000R\libcapi324v22x.a(SPI_set_config_func.o)
                              ../../../lib-includes/capi324v22x-v2.06.000R\libcapi324v22x.a(SPI_open.o) (SPI_set_config_func)
../../../lib-includes/capi324v22x-v2.06.000R\libcapi324v22x.a(SPI_set_slave_addr.o)
                              ../../../lib-includes/capi324v22x-v2.06.000R\libcapi324v22x.a(LCD_set_backlight.o) (SPI_set_slave_addr)
../../../lib-includes/capi324v22x-v2.06.000R\libcapi324v22x.a(SPI_transmit.o)
                              ../../../lib-includes/capi324v22x-v2.06.000R\libcapi324v22x.a(LCD_set_backlight.o) (SPI_transmit)
../../../lib-includes/capi324v22x-v2.06.000R\libcapi324v22x.a(__SPI_init.o)
                              ../../../lib-includes/capi324v22x-v2.06.000R\libcapi324v22x.a(SPI_open.o) (__SPI_init)
../../../lib-includes/capi324v22x-v2.06.000R\libcapi324v22x.a(STEPPER_move.o)
                              main.o (STEPPER_move)
../../../lib-includes/capi324v22x-v2.06.000R\libcapi324v22x.a(STEPPER_open.o)
                              main.o (STEPPER_open)
../../../lib-includes/capi324v22x-v2.06.000R\libcapi324v22x.a(STEPPER_run.o)
                              ../../../lib-includes/capi324v22x-v2.06.000R\libcapi324v22x.a(STEPPER_move.o) (STEPPER_run)
../../../lib-includes/capi324v22x-v2.06.000R\libcapi324v22x.a(STEPPER_run2.o)
                              ../../../lib-includes/capi324v22x-v2.06.000R\libcapi324v22x.a(STEPPER_move.o) (STEPPER_run2)
../../../lib-includes/capi324v22x-v2.06.000R\libcapi324v22x.a(STEPPER_set_accel.o)
                              ../../../lib-includes/capi324v22x-v2.06.000R\libcapi324v22x.a(STEPPER_move.o) (STEPPER_set_accel)
../../../lib-includes/capi324v22x-v2.06.000R\libcapi324v22x.a(STEPPER_set_accel2.o)
                              ../../../lib-includes/capi324v22x-v2.06.000R\libcapi324v22x.a(STEPPER_move.o) (STEPPER_set_accel2)
../../../lib-includes/capi324v22x-v2.06.000R\libcapi324v22x.a(STEPPER_set_dir.o)
                              ../../../lib-includes/capi324v22x-v2.06.000R\libcapi324v22x.a(STEPPER_run.o) (STEPPER_set_dir)
../../../lib-includes/capi324v22x-v2.06.000R\libcapi324v22x.a(STEPPER_set_dir2.o)
                              ../../../lib-includes/capi324v22x-v2.06.000R\libcapi324v22x.a(STEPPER_run2.o) (STEPPER_set_dir2)
../../../lib-includes/capi324v22x-v2.06.000R\libcapi324v22x.a(STEPPER_set_mode.o)
                              ../../../lib-includes/capi324v22x-v2.06.000R\libcapi324v22x.a(STEPPER_run.o) (STEPPER_set_mode)
../../../lib-includes/capi324v22x-v2.06.000R\libcapi324v22x.a(STEPPER_set_speed.o)
                              ../../../lib-includes/capi324v22x-v2.06.000R\libcapi324v22x.a(STEPPER_run.o) (STEPPER_set_speed)
[...]
Memory Configuration

Name             Origin             Length             Attributes
text             0x00000000         0x00020000         xr
data             0x00800060         0x0000ffa0         rw !x
eeprom           0x00810000         0x00010000         rw !x
fuse             0x00820000         0x00000400         rw !x
lock             0x00830000         0x00000400         rw !x
signature        0x00840000         0x00000400         rw !x
user_signatures  0x00850000         0x00000400         rw !x
*default*        0x00000000         0xffffffff

Linker script and memory map

Address of section .data set to 0x800100
LOAD C:/Program Files (x86)/Atmel/Studio/7.0/Packs/atmel/ATmega_DFP/1.0.106/gcc/dev/atmega324p/avr5/crtatmega324p.o
LOAD main.o
START GROUP
LOAD ../../../lib-includes/capi324v22x-v2.06.000R\libcapi324v22x.a
LOAD c:/program files (x86)/atmel/studio/7.0/toolchain/avr8/avr8-gnu-toolchain/bin/../lib/gcc/avr/4.9.2/../../../../avr/lib/avr5\libprintf_flt.a
LOAD c:/program files (x86)/atmel/studio/7.0/toolchain/avr8/avr8-gnu-toolchain/bin/../lib/gcc/avr/4.9.2/../../../../avr/lib/avr5\libm.a
END GROUP
START GROUP
LOAD c:/program files (x86)/atmel/studio/7.0/toolchain/avr8/avr8-gnu-toolchain/bin/../lib/gcc/avr/4.9.2/avr5\libgcc.a
LOAD c:/program files (x86)/atmel/studio/7.0/toolchain/avr8/avr8-gnu-toolchain/bin/../lib/gcc/avr/4.9.2/../../../../avr/lib/avr5\libm.a
LOAD c:/program files (x86)/atmel/studio/7.0/toolchain/avr8/avr8-gnu-toolchain/bin/../lib/gcc/avr/4.9.2/../../../../avr/lib/avr5\libc.a
LOAD C:/Program Files (x86)/Atmel/Studio/7.0/Packs/atmel/ATmega_DFP/1.0.106/gcc/dev/atmega324p/avr5\libatmega324p.a
END GROUP
                0x00020000                __TEXT_REGION_LENGTH__ = DEFINED (__TEXT_REGION_LENGTH__)?__TEXT_REGION_LENGTH__:0x20000
                0x0000ffa0                __DATA_REGION_LENGTH__ = DEFINED (__DATA_REGION_LENGTH__)?__DATA_REGION_LENGTH__:0xffa0
                0x00010000                __EEPROM_REGION_LENGTH__ = DEFINED (__EEPROM_REGION_LENGTH__)?__EEPROM_REGION_LENGTH__:0x10000
                0x00000400                __FUSE_REGION_LENGTH__ = DEFINED (__FUSE_REGION_LENGTH__)?__FUSE_REGION_LENGTH__:0x400
                0x00000400                __LOCK_REGION_LENGTH__ = DEFINED (__LOCK_REGION_LENGTH__)?__LOCK_REGION_LENGTH__:0x400
                0x00000400                __SIGNATURE_REGION_LENGTH__ = DEFINED (__SIGNATURE_REGION_LENGTH__)?__SIGNATURE_REGION_LENGTH__:0x400
                0x00000400                __USER_SIGNATURE_REGION_LENGTH__ = DEFINED (__USER_SIGNATURE_REGION_LENGTH__)?__USER_SIGNATURE_REGION_LENGTH__:0x400

.hash
 *(.hash)

.dynsym
 *(.dynsym)

.dynstr
 *(.dynstr)

.gnu.version
 *(.gnu.version)

.gnu.version_d
 *(.gnu.version_d)

.gnu.version_r
 *(.gnu.version_r)

.rel.init
 *(.rel.init)

.rela.init
 *(.rela.init)

.rel.text
 *(.rel.text)
 *(.rel.text.*)
 *(.rel.gnu.linkonce.t*)

.rela.text
 *(.rela.text)
 *(.rela.text.*)
 *(.rela.gnu.linkonce.t*)

.rel.fini
 *(.rel.fini)

.rela.fini
 *(.rela.fini)

.rel.rodata
 *(.rel.rodata)
 *(.rel.rodata.*)
 *(.rel.gnu.linkonce.r*)

.rela.rodata
 *(.rela.rodata)
 *(.rela.rodata.*)
 *(.rela.gnu.linkonce.r*)

.rel.data
 *(.rel.data)
 *(.rel.data.*)
 *(.rel.gnu.linkonce.d*)

.rela.data
 *(.rela.data)
 *(.rela.data.*)
 *(.rela.gnu.linkonce.d*)

.rel.ctors
 *(.rel.ctors)

.rela.ctors
 *(.rela.ctors)

.rel.dtors
 *(.rel.dtors)

.rela.dtors
 *(.rela.dtors)

.rel.got
 *(.rel.got)

.rela.got
 *(.rela.got)

.rel.bss
 *(.rel.bss)

.rela.bss
 *(.rela.bss)

.rel.plt
 *(.rel.plt)

.rela.plt
 *(.rela.plt)

.text           0x00000000     0x4326
 *(.vectors)
 .vectors       0x00000000       0x7c C:/Program Files (x86)/Atmel/Studio/7.0/Packs/atmel/ATmega_DFP/1.0.106/gcc/dev/atmega324p/avr5/crtatmega324p.o
                0x00000000                __vector_default
                0x00000000                __vectors
 *(.vectors)
 *(.progmem.gcc*)
 .progmem.gcc_fplib
                0x0000007c       0x28 c:/program files (x86)/atmel/studio/7.0/toolchain/avr8/avr8-gnu-toolchain/bin/../lib/gcc/avr/4.9.2/../../../../avr/lib/avr5\libm.a(exp.o)
 .progmem.gcc_fplib
                0x000000a4       0x5a c:/program files (x86)/atmel/studio/7.0/toolchain/avr8/avr8-gnu-toolchain/bin/../lib/gcc/avr/4.9.2/../../../../avr/lib/avr5\libm.a(log.o)
                0x000000fe                . = ALIGN (0x2)
                0x000000fe                __trampolines_start = .
 *(.trampolines)
 .trampolines   0x000000fe        0x0 linker stubs
 *(.trampolines*)
                0x000000fe                __trampolines_end = .
 *libprintf_flt.a:*(.progmem.data)
 .progmem.data  0x000000fe        0x8 c:/program files (x86)/atmel/studio/7.0/toolchain/avr8/avr8-gnu-toolchain/bin/../lib/gcc/avr/4.9.2/../../../../avr/lib/avr5\libprintf_flt.a(vfprintf_flt.o)
 *libc.a:*(.progmem.data)
 .progmem.data  0x00000106       0xfa c:/program files (x86)/atmel/studio/7.0/toolchain/avr8/avr8-gnu-toolchain/bin/../lib/gcc/avr/4.9.2/../../../../avr/lib/avr5\libc.a(ftoa_engine.o)
 *(.progmem*)
 .progmem.data  0x00000200      0x415 ../../../lib-includes/capi324v22x-v2.06.000R\libcapi324v22x.a(LCD_globals.o)
                0x00000200                char_bitmap
                0x00000415                CEENBoT_Inc_logo_bitmap
                0x00000616                . = ALIGN (0x2)
 *fill*         0x00000615        0x1 
 *(.jumptables)
 *(.jumptables*)
 *(.lowtext)
 *(.lowtext*)
                0x00000616                __ctors_start = .
 *(.ctors)
                0x00000616                __ctors_end = .
                0x00000616                __dtors_start = .
 *(.dtors)
                0x00000616                __dtors_end = .
 SORT(*)(.ctors)
 SORT(*)(.dtors)
 *(.init0)
 .init0         0x00000616        0x0 C:/Program Files (x86)/Atmel/Studio/7.0/Packs/atmel/ATmega_DFP/1.0.106/gcc/dev/atmega324p/avr5/crtatmega324p.o
                0x00000616                __init
 *(.init0)
 *(.init1)
 *(.init1)
 *(.init2)
 .init2         0x00000616        0xc C:/Program Files (x86)/Atmel/Studio/7.0/Packs/atmel/ATmega_DFP/1.0.106/gcc/dev/atmega324p/avr5/crtatmega324p.o
 *(.init2)
 *(.init3)
 *(.init3)
 *(.init4)
 .init4         0x00000622       0x16 c:/program files (x86)/atmel/studio/7.0/toolchain/avr8/avr8-gnu-toolchain/bin/../lib/gcc/avr/4.9.2/avr5\libgcc.a(_copy_data.o)
                0x00000622                __do_copy_data
 .init4         0x00000638       0x10 c:/program files (x86)/atmel/studio/7.0/toolchain/avr8/avr8-gnu-toolchain/bin/../lib/gcc/avr/4.9.2/avr5\libgcc.a(_clear_bss.o)
                0x00000638                __do_clear_bss
 *(.init4)
 *(.init5)
 *(.init5)
 *(.init6)
 *(.init6)
 *(.init7)
 *(.init7)
 *(.init8)
 *(.init8)
 *(.init9)
 .init9         0x00000648        0x8 C:/Program Files (x86)/Atmel/Studio/7.0/Packs/atmel/ATmega_DFP/1.0.106/gcc/dev/atmega324p/avr5/crtatmega324p.o
 *(.init9)
 *(.text)
 .text          0x00000650        0x4 C:/Program Files (x86)/Atmel/Studio/7.0/Packs/atmel/ATmega_DFP/1.0.106/gcc/dev/atmega324p/avr5/crtatmega324p.o
                0x00000650                __vector_22
                0x00000650                __vector_28
                0x00000650                __vector_1
                0x00000650                __vector_24
                0x00000650                __bad_interrupt
                0x00000650                __vector_3
                0x00000650                __vector_23
                0x00000650                __vector_30
                0x00000650                __vector_25
                0x00000650                __vector_19
                0x00000650                __vector_27
                0x00000650                __vector_2
                0x00000650                __vector_21
                0x00000650                __vector_29
                0x00000650                __vector_8
                0x00000650                __vector_26
                0x00000650                __vector_20
 .text          0x00000654       0x12 ../../../lib-includes/capi324v22x-v2.06.000R\libcapi324v22x.a(CBOT_main.o)
                0x00000654                main
 .text          0x00000666       0x44 ../../../lib-includes/capi324v22x-v2.06.000R\libcapi324v22x.a(LCD_clear.o)
                0x00000666                LCD_clear
 .text          0x000006aa      0x10c ../../../lib-includes/capi324v22x-v2.06.000R\libcapi324v22x.a(LCD_open.o)
                0x000006aa                LCD_open
 .text          0x000007b6       0x44 ../../../lib-includes/capi324v22x-v2.06.000R\libcapi324v22x.a(LCD_set_PGC_addr.o)
                0x000007b6                LCD_set_PGC_addr
 .text          0x000007fa       0x42 ../../../lib-includes/capi324v22x-v2.06.000R\libcapi324v22x.a(LCD_set_backlight.o)
                0x000007fa                LCD_set_backlight
 .text          0x0000083c       0x24 ../../../lib-includes/capi324v22x-v2.06.000R\libcapi324v22x.a(LCD_set_next_PGC.o)
                0x0000083c                LCD_set_next_PGC
 .text          0x00000860       0x36 ../../../lib-includes/capi324v22x-v2.06.000R\libcapi324v22x.a(LCD_write.o)
                0x00000860                LCD_write
 .text          0x00000896        0x4 ../../../lib-includes/capi324v22x-v2.06.000R\libcapi324v22x.a(__LCD_init.o)
                0x00000896                __LCD_init
 .text          0x0000089a       0x3c ../../../lib-includes/capi324v22x-v2.06.000R\libcapi324v22x.a(PSXC_open.o)
                0x0000089a                PSXC_open
 .text          0x000008d6      0x148 ../../../lib-includes/capi324v22x-v2.06.000R\libcapi324v22x.a(PSXC_read.o)
                0x000008d6                PSXC_read
 .text          0x00000a1e       0x72 ../../../lib-includes/capi324v22x-v2.06.000R\libcapi324v22x.a(SPI_open.o)
                0x00000a1e                SPI_open
 .text          0x00000a90       0x20 ../../../lib-includes/capi324v22x-v2.06.000R\libcapi324v22x.a(SPI_receive.o)
                0x00000a90                SPI_receive
 .text          0x00000ab0       0x12 ../../../lib-includes/capi324v22x-v2.06.000R\libcapi324v22x.a(SPI_set_config_func.o)
                0x00000ab0                SPI_set_config_func
 .text          0x00000ac2       0xa2 ../../../lib-includes/capi324v22x-v2.06.000R\libcapi324v22x.a(SPI_set_slave_addr.o)
                0x00000ac2                SPI_set_slave_addr
 .text          0x00000b64       0x1e ../../../lib-includes/capi324v22x-v2.06.000R\libcapi324v22x.a(SPI_transmit.o)
                0x00000b64                SPI_transmit
 .text          0x00000b82        0xe ../../../lib-includes/capi324v22x-v2.06.000R\libcapi324v22x.a(__SPI_init.o)
                0x00000b82                __SPI_init
 .text          0x00000b90      0x28e ../../../lib-includes/capi324v22x-v2.06.000R\libcapi324v22x.a(STEPPER_move.o)
                0x00000cec                STEPPER_move
 .text          0x00000e1e       0xea ../../../lib-includes/capi324v22x-v2.06.000R\libcapi324v22x.a(STEPPER_open.o)
                0x00000e1e                STEPPER_open
 .text          0x00000f08       0x2e ../../../lib-includes/capi324v22x-v2.06.000R\libcapi324v22x.a(STEPPER_run.o)
                0x00000f08                STEPPER_run
 .text          0x00000f36       0x3a ../../../lib-includes/capi324v22x-v2.06.000R\libcapi324v22x.a(STEPPER_run2.o)
                0x00000f36                STEPPER_run2
 .text          0x00000f70       0x44 ../../../lib-includes/capi324v22x-v2.06.000R\libcapi324v22x.a(STEPPER_set_accel.o)
                0x00000f70                STEPPER_set_accel
 .text          0x00000fb4       0x3c ../../../lib-includes/capi324v22x-v2.06.000R\libcapi324v22x.a(STEPPER_set_accel2.o)
                0x00000fb4                STEPPER_set_accel2
 .text          0x00000ff0       0x2a ../../../lib-includes/capi324v22x-v2.06.000R\libcapi324v22x.a(STEPPER_set_dir.o)
                0x00000ff0                STEPPER_set_dir
 .text          0x0000101a       0x14 ../../../lib-includes/capi324v22x-v2.06.000R\libcapi324v22x.a(STEPPER_set_dir2.o)
                0x0000101a                STEPPER_set_dir2
 .text          0x0000102e       0x2a ../../../lib-includes/capi324v22x-v2.06.000R\libcapi324v22x.a(STEPPER_set_mode.o)
                0x0000102e                STEPPER_set_mode
 .text          0x00001058       0x5a ../../../lib-includes/capi324v22x-v2.06.000R\libcapi324v22x.a(STEPPER_set_speed.o)
                0x00001058                STEPPER_set_speed
 .text          0x000010b2       0x3e ../../../lib-includes/capi324v22x-v2.06.000R\libcapi324v22x.a(STEPPER_set_speed2.o)
                0x000010b2                STEPPER_set_speed2
 .text          0x000010f0      0x126 ../../../lib-includes/capi324v22x-v2.06.000R\libcapi324v22x.a(STEPPER_step.o)
                0x000010f0                STEPPER_step
 .text          0x00001216      0x10a ../../../lib-includes/capi324v22x-v2.06.000R\libcapi324v22x.a(STEPPER_step2.o)
                0x00001216                STEPPER_step2
 .text          0x00001320       0xa6 ../../../lib-includes/capi324v22x-v2.06.000R\libcapi324v22x.a(STEPPER_wait_and_then.o)
                0x00001320                STEPPER_wait_and_then
 .text          0x000013c6       0x14 ../../../lib-includes/capi324v22x-v2.06.000R\libcapi324v22x.a(__STEPPER_init.o)
                0x000013c6                __STEPPER_init
 .text          0x000013da       0x20 ../../../lib-includes/capi324v22x-v2.06.000R\libcapi324v22x.a(SYS_decrement_refcount.o)
                0x000013da                SYS_decrement_refcount
 .text          0x000013fa       0x1a ../../../lib-includes/capi324v22x-v2.06.000R\libcapi324v22x.a(SYS_increment_refcount.o)
                0x000013fa                SYS_increment_refcount
 .text          0x00001414       0x18 ../../../lib-includes/capi324v22x-v2.06.000R\libcapi324v22x.a(SYS_isOpen.o)
                0x00001414                SYS_isOpen
 .text          0x0000142c       0x48 ../../../lib-includes/capi324v22x-v2.06.000R\libcapi324v22x.a(ATTINY_open.o)
                0x0000142c                ATTINY_open
 .text          0x00001474       0x82 ../../../lib-includes/capi324v22x-v2.06.000R\libcapi324v22x.a(__ATTINY_initialize_params.o)
                0x00001474                __ATTINY_initialize_params
 .text          0x000014f6       0x5a ../../../lib-includes/capi324v22x-v2.06.000R\libcapi324v22x.a(TMRSRVC_delay.o)
                0x000014f6                TMRSRVC_delay
 .text          0x00001550       0x7c ../../../lib-includes/capi324v22x-v2.06.000R\libcapi324v22x.a(TMRSRVC_new.o)
                0x00001550                TMRSRVC_new
 .text          0x000015cc       0xd2 ../../../lib-includes/capi324v22x-v2.06.000R\libcapi324v22x.a(__TMRSRVC_insert.o)
                0x000015cc                TMRSRVC_insert
 .text          0x0000169e       0x1c ../../../lib-includes/capi324v22x-v2.06.000R\libcapi324v22x.a(CBOT_init.o)
                0x0000169e                CBOT_init
 .text          0x000016ba      0x480 ../../../lib-includes/capi324v22x-v2.06.000R\libcapi324v22x.a(CBOT_isr.o)
                0x000016ba                CBOT_ISR_init
                0x000016be                __vector_16
                0x00001710                __vector_17
                0x00001762                __vector_18
                0x000017b4                __vector_9
                0x00001806                __vector_10
                0x00001858                __vector_11
                0x000018aa                __vector_13
                0x000018fc                __vector_14
                0x0000194e                __vector_12
                0x000019a0                __vector_15
                0x000019f2                __vector_4
                0x00001a44                __vector_5
                0x00001a96                __vector_6
                0x00001ae8                __vector_7
 .text          0x00001b3a       0x22 ../../../lib-includes/capi324v22x-v2.06.000R\libcapi324v22x.a(ISR_open.o)
                0x00001b3a                ISR_open
 .text          0x00001b5c      0x15a ../../../lib-includes/capi324v22x-v2.06.000R\libcapi324v22x.a(__LCD_putchar.o)
                0x00001b5c                __LCD_putchar
 .text          0x00001cb6       0x10 ../../../lib-includes/capi324v22x-v2.06.000R\libcapi324v22x.a(ATMEGA_open.o)
                0x00001cb6                ATMEGA_open
 .text          0x00001cc6       0xa6 ../../../lib-includes/capi324v22x-v2.06.000R\libcapi324v22x.a(ATMEGA_set_clk_mode.o)
                0x00001cc6                ATMEGA_set_clk_mode
 .text          0x00001d6c        0x6 ../../../lib-includes/capi324v22x-v2.06.000R\libcapi324v22x.a(__ATMEGA_init.o)
                0x00001d6c                __ATMEGA_init
 .text          0x00001d72       0x52 ../../../lib-includes/capi324v22x-v2.06.000R\libcapi324v22x.a(SPI_cfgrs.o)
                0x00001d72                SPI_default_config
                0x00001d82                SPI_ATtiny0_config
                0x00001d92                SPI_PSXC_config
                0x00001da2                SPI_LCD_config
                0x00001db2                SPI_FLASH_config
 .text          0x00001dc4       0x64 ../../../lib-includes/capi324v22x-v2.06.000R\libcapi324v22x.a(SPKR_close.o)
                0x00001dc4                __SPKR_close_beep_mode
                0x00001dda                __SPKR_close_tone_mode
                0x00001e14                SPKR_close
 .text          0x00001e28      0x136 ../../../lib-includes/capi324v22x-v2.06.000R\libcapi324v22x.a(SPKR_open.o)
                0x00001e28                __SPKR_set_up_freq_LUT
                0x00001ec6                __SPKR_open_beep_mode
                0x00001eea                __SPKR_open_tone_mode
                0x00001f46                SPKR_open
 .text          0x00001f5e       0xac ../../../lib-includes/capi324v22x-v2.06.000R\libcapi324v22x.a(SPKR_play_beep.o)
                0x00001f5e                SPKR_play_beep
 .text          0x0000200a       0x38 ../../../lib-includes/capi324v22x-v2.06.000R\libcapi324v22x.a(__SPKR_close.o)
                0x0000200a                __SPKR_close
 .text          0x00002042       0x54 ../../../lib-includes/capi324v22x-v2.06.000R\libcapi324v22x.a(__SPKR_init.o)
                0x00002042                __SPKR_init
 .text          0x00002096        0xc ../../../lib-includes/capi324v22x-v2.06.000R\libcapi324v22x.a(__SPKR_stop.o)
                0x00002096                __SPKR_stop
 .text          0x000020a2       0x2a ../../../lib-includes/capi324v22x-v2.06.000R\libcapi324v22x.a(STEPPER_go.o)
                0x000020a2                STEPPER_go
 .text          0x000020cc       0x36 ../../../lib-includes/capi324v22x-v2.06.000R\libcapi324v22x.a(STEPPER_set_steps.o)
                0x000020cc                STEPPER_set_steps
 .text          0x00002102       0x1a ../../../lib-includes/capi324v22x-v2.06.000R\libcapi324v22x.a(STEPPER_set_steps2.o)
                0x00002102                STEPPER_set_steps2
 .text          0x0000211c       0x2a ../../../lib-includes/capi324v22x-v2.06.000R\libcapi324v22x.a(STEPPER_set_stop_mode.o)
                0x0000211c                STEPPER_set_stop_mode
 .text          0x00002146       0x7a ../../../lib-includes/capi324v22x-v2.06.000R\libcapi324v22x.a(STEPPER_setup_decels.o)
                0x00002146                STEPPER_setup_decels
 .text          0x000021c0       0x1e ../../../lib-includes/capi324v22x-v2.06.000R\libcapi324v22x.a(SYS_init.o)
                0x000021c0                SYS_init
 .text          0x000021de       0x10 ../../../lib-includes/capi324v22x-v2.06.000R\libcapi324v22x.a(SYS_set_refcount.o)
                0x000021de                SYS_set_refcount
 .text          0x000021ee       0x7a ../../../lib-includes/capi324v22x-v2.06.000R\libcapi324v22x.a(ATTINY_get_firm_rev.o)
                0x000021ee                ATTINY_get_firm_rev
 .text          0x00002268       0x38 ../../../lib-includes/capi324v22x-v2.06.000R\libcapi324v22x.a(TMRSRVC_open.o)
                0x00002268                TMRSRVC_open
 .text          0x000022a0        0x8 ../../../lib-includes/capi324v22x-v2.06.000R\libcapi324v22x.a(TMRSRVC_start.o)
                0x000022a0                TMRSRVC_start
 .text          0x000022a8       0x12 ../../../lib-includes/capi324v22x-v2.06.000R\libcapi324v22x.a(__TMRSRVC_init.o)
                0x000022a8                __TMRSRVC_init
 .text          0x000022ba        0xc ../../../lib-includes/capi324v22x-v2.06.000R\libcapi324v22x.a(__TMRSRVC_start.o)
                0x000022ba                __TMRSRVC_start
 .text          0x000022c6       0x28 ../../../lib-includes/capi324v22x-v2.06.000R\libcapi324v22x.a(ISR_attach.o)
                0x000022c6                ISR_attach
 .text          0x000022ee       0x22 ../../../lib-includes/capi324v22x-v2.06.000R\libcapi324v22x.a(__ISR_attach.o)
                0x000022ee                __ISR_attach
 .text          0x00002310        0x6 ../../../lib-includes/capi324v22x-v2.06.000R\libcapi324v22x.a(ISR__SPKR__TIMER1_COMPA_vect.o)
                0x00002310                __SPKR_TIMER1_COMPA_vect
 .text          0x00002316       0x48 ../../../lib-includes/capi324v22x-v2.06.000R\libcapi324v22x.a(SPKR_beep.o)
                0x00002316                SPKR_beep
 .text          0x0000235e       0x82 ../../../lib-includes/capi324v22x-v2.06.000R\libcapi324v22x.a(SPKR_clk.o)
                0x0000235e                SPKR_clk
 .text          0x000023e0       0xda ../../../lib-includes/capi324v22x-v2.06.000R\libcapi324v22x.a(STEPPER_set_decel_step_values.o)
                0x000023e0                STEPPER_set_decel_step_values
 .text          0x000024ba        0xe ../../../lib-includes/capi324v22x-v2.06.000R\libcapi324v22x.a(ISR__TIMER0_COMPA_vect.o)
                0x000024ba                __TIMER0_COMPA_vect
 .text          0x000024c8       0x32 ../../../lib-includes/capi324v22x-v2.06.000R\libcapi324v22x.a(TMRSRVC_tick.o)
                0x000024c8                TMRSRVC_tick
 .text          0x000024fa       0x4e ../../../lib-includes/capi324v22x-v2.06.000R\libcapi324v22x.a(SPKR_beep_clk.o)
                0x000024fa                SPKR_beep_clk
 .text          0x00002548      0x162 ../../../lib-includes/capi324v22x-v2.06.000R\libcapi324v22x.a(STEPPER_clk.o)
                0x00002548                STEPPER_clk
 .text          0x000026aa       0x8a ../../../lib-includes/capi324v22x-v2.06.000R\libcapi324v22x.a(STEPPER_process_accel.o)
                0x000026aa                STEPPER_process_accel
 .text          0x00002734      0x206 ../../../lib-includes/capi324v22x-v2.06.000R\libcapi324v22x.a(STEPPER_process_run_mode.o)
                0x00002734                STEPPER_process_run_mode
 .text          0x0000293a       0xa8 ../../../lib-includes/capi324v22x-v2.06.000R\libcapi324v22x.a(STEPPER_process_step_mode.o)
                0x0000293a                STEPPER_process_step_mode
 .text          0x000029e2       0x4a ../../../lib-includes/capi324v22x-v2.06.000R\libcapi324v22x.a(STEPPER_stop.o)
                0x000029e2                STEPPER_stop
 .text          0x00002a2c       0xd6 ../../../lib-includes/capi324v22x-v2.06.000R\libcapi324v22x.a(TMRSRVC_process.o)
                0x00002a2c                TMRSRVC_process
 .text          0x00002b02        0x6 ../../../lib-includes/capi324v22x-v2.06.000R\libcapi324v22x.a(TMRSRVC_stop.o)
                0x00002b02                TMRSRVC_stop
 .text          0x00002b08      0x130 ../../../lib-includes/capi324v22x-v2.06.000R\libcapi324v22x.a(STEPPER_process_pwm.o)
                0x00002b08                STEPPER_process_pwm
                0x00002c38                . = ALIGN (0x2)
 *(.text.*)
 .text.CBOT_main
                0x00002c38      0x226 main.o
                0x00002c38                CBOT_main
 .text.avr-libc
                0x00002e5e      0x6f8 c:/program files (x86)/atmel/studio/7.0/toolchain/avr8/avr8-gnu-toolchain/bin/../lib/gcc/avr/4.9.2/../../../../avr/lib/avr5\libprintf_flt.a(vfprintf_flt.o)
                0x00002e5e                vfprintf
 .text.avr-libc.fplib
                0x00003556        0x8 c:/program files (x86)/atmel/studio/7.0/toolchain/avr8/avr8-gnu-toolchain/bin/../lib/gcc/avr/4.9.2/../../../../avr/lib/avr5\libm.a(divsf3.o)
                0x00003556                __divsf3
 .text.avr-libc.fplib
                0x0000355e       0xdc c:/program files (x86)/atmel/studio/7.0/toolchain/avr8/avr8-gnu-toolchain/bin/../lib/gcc/avr/4.9.2/../../../../avr/lib/avr5\libm.a(divsf3x.o)
                0x0000357e                __divsf3x
                0x00003584                __divsf3_pse
 .text.avr-libc.fplib
                0x0000363a       0x7a c:/program files (x86)/atmel/studio/7.0/toolchain/avr8/avr8-gnu-toolchain/bin/../lib/gcc/avr/4.9.2/../../../../avr/lib/avr5\libm.a(floatsisf.o)
                0x0000363a                __floatunsisf
                0x0000363e                __floatsisf
 .text.avr-libc.fplib
                0x000036b4        0xc c:/program files (x86)/atmel/studio/7.0/toolchain/avr8/avr8-gnu-toolchain/bin/../lib/gcc/avr/4.9.2/../../../../avr/lib/avr5\libm.a(fp_inf.o)
                0x000036b4                __fp_inf
 .text.avr-libc.fplib
                0x000036c0        0x6 c:/program files (x86)/atmel/studio/7.0/toolchain/avr8/avr8-gnu-toolchain/bin/../lib/gcc/avr/4.9.2/../../../../avr/lib/avr5\libm.a(fp_nan.o)
                0x000036c0                __fp_nan
 .text.avr-libc.fplib
                0x000036c6        0xe c:/program files (x86)/atmel/studio/7.0/toolchain/avr8/avr8-gnu-toolchain/bin/../lib/gcc/avr/4.9.2/../../../../avr/lib/avr5\libm.a(fp_pscA.o)
                0x000036c6                __fp_pscA
 .text.avr-libc.fplib
                0x000036d4        0xe c:/program files (x86)/atmel/studio/7.0/toolchain/avr8/avr8-gnu-toolchain/bin/../lib/gcc/avr/4.9.2/../../../../avr/lib/avr5\libm.a(fp_pscB.o)
                0x000036d4                __fp_pscB
 .text.avr-libc.fplib
                0x000036e2       0x22 c:/program files (x86)/atmel/studio/7.0/toolchain/avr8/avr8-gnu-toolchain/bin/../lib/gcc/avr/4.9.2/../../../../avr/lib/avr5\libm.a(fp_round.o)
                0x000036e2                __fp_round
 .text.avr-libc.fplib
                0x00003704       0x44 c:/program files (x86)/atmel/studio/7.0/toolchain/avr8/avr8-gnu-toolchain/bin/../lib/gcc/avr/4.9.2/../../../../avr/lib/avr5\libm.a(fp_split3.o)
                0x00003704                __fp_split3
                0x00003714                __fp_splitA
 .text.avr-libc.fplib
                0x00003748        0xe c:/program files (x86)/atmel/studio/7.0/toolchain/avr8/avr8-gnu-toolchain/bin/../lib/gcc/avr/4.9.2/../../../../avr/lib/avr5\libm.a(fp_zero.o)
                0x00003748                __fp_zero
                0x0000374a                __fp_szero
 .text.avr-libc.fplib
                0x00003756       0x7a c:/program files (x86)/atmel/studio/7.0/toolchain/avr8/avr8-gnu-toolchain/bin/../lib/gcc/avr/4.9.2/../../../../avr/lib/avr5\libm.a(lrint.o)
                0x00003756                lrint
 .text.avr-libc.fplib
                0x000037d0        0x8 c:/program files (x86)/atmel/studio/7.0/toolchain/avr8/avr8-gnu-toolchain/bin/../lib/gcc/avr/4.9.2/../../../../avr/lib/avr5\libm.a(mulsf3.o)
                0x000037d0                __mulsf3
 .text.avr-libc.fplib
                0x000037d8       0xd2 c:/program files (x86)/atmel/studio/7.0/toolchain/avr8/avr8-gnu-toolchain/bin/../lib/gcc/avr/4.9.2/../../../../avr/lib/avr5\libm.a(mulsf3x.o)
                0x000037f6                __mulsf3x
                0x000037fc                __mulsf3_pse
 .text.avr-libc.fplib
                0x000038aa       0xa0 c:/program files (x86)/atmel/studio/7.0/toolchain/avr8/avr8-gnu-toolchain/bin/../lib/gcc/avr/4.9.2/../../../../avr/lib/avr5\libm.a(pow.o)
                0x000038aa                pow
 .text.avr-libc.fplib
                0x0000394a       0x74 c:/program files (x86)/atmel/studio/7.0/toolchain/avr8/avr8-gnu-toolchain/bin/../lib/gcc/avr/4.9.2/../../../../avr/lib/avr5\libm.a(exp.o)
                0x0000395a                exp
 .text.avr-libc.fplib
                0x000039be       0x4e c:/program files (x86)/atmel/studio/7.0/toolchain/avr8/avr8-gnu-toolchain/bin/../lib/gcc/avr/4.9.2/../../../../avr/lib/avr5\libm.a(fp_powser.o)
                0x000039be                __fp_powser
 .text.avr-libc.fplib
                0x00003a0c       0x10 c:/program files (x86)/atmel/studio/7.0/toolchain/avr8/avr8-gnu-toolchain/bin/../lib/gcc/avr/4.9.2/../../../../avr/lib/avr5\libm.a(inverse.o)
                0x00003a0c                inverse
 .text.avr-libc.fplib
                0x00003a1c       0x74 c:/program files (x86)/atmel/studio/7.0/toolchain/avr8/avr8-gnu-toolchain/bin/../lib/gcc/avr/4.9.2/../../../../avr/lib/avr5\libm.a(ldexp.o)
                0x00003a24                ldexp
 .text.avr-libc.fplib
                0x00003a90       0xa0 c:/program files (x86)/atmel/studio/7.0/toolchain/avr8/avr8-gnu-toolchain/bin/../lib/gcc/avr/4.9.2/../../../../avr/lib/avr5\libm.a(log.o)
                0x00003aa0                log
 .text.avr-libc.fplib
                0x00003b30       0x68 c:/program files (x86)/atmel/studio/7.0/toolchain/avr8/avr8-gnu-toolchain/bin/../lib/gcc/avr/4.9.2/../../../../avr/lib/avr5\libm.a(modf.o)
                0x00003b30                modf
                0x00003b30                modff
 .text.avr-libc.fplib
                0x00003b98        0xe c:/program files (x86)/atmel/studio/7.0/toolchain/avr8/avr8-gnu-toolchain/bin/../lib/gcc/avr/4.9.2/../../../../avr/lib/avr5\libm.a(addsf3.o)
                0x00003b98                __subsf3
                0x00003b9a                __addsf3
 .text.avr-libc.fplib
                0x00003ba6       0xcc c:/program files (x86)/atmel/studio/7.0/toolchain/avr8/avr8-gnu-toolchain/bin/../lib/gcc/avr/4.9.2/../../../../avr/lib/avr5\libm.a(addsf3x.o)
                0x00003bc8                __addsf3x
 .text.avr-libc.fplib
                0x00003c72       0x1c c:/program files (x86)/atmel/studio/7.0/toolchain/avr8/avr8-gnu-toolchain/bin/../lib/gcc/avr/4.9.2/../../../../avr/lib/avr5\libm.a(fp_mpack.o)
                0x00003c72                __fp_mpack
                0x00003c76                __fp_mpack_finite
 .text.libgcc.mul
                0x00003c8e       0x20 c:/program files (x86)/atmel/studio/7.0/toolchain/avr8/avr8-gnu-toolchain/bin/../lib/gcc/avr/4.9.2/avr5\libgcc.a(_mulsi3.o)
                0x00003c8e                __mulsi3
 .text.libgcc.div
                0x00003cae       0x44 c:/program files (x86)/atmel/studio/7.0/toolchain/avr8/avr8-gnu-toolchain/bin/../lib/gcc/avr/4.9.2/avr5\libgcc.a(_udivmodsi4.o)
                0x00003cae                __udivmodsi4
 .text.libgcc.mul
                0x00003cf2       0x16 c:/program files (x86)/atmel/studio/7.0/toolchain/avr8/avr8-gnu-toolchain/bin/../lib/gcc/avr/4.9.2/avr5\libgcc.a(_muluhisi3.o)
                0x00003cf2                __muluhisi3
 .text.libgcc.prologue
                0x00003d08       0x38 c:/program files (x86)/atmel/studio/7.0/toolchain/avr8/avr8-gnu-toolchain/bin/../lib/gcc/avr/4.9.2/avr5\libgcc.a(_prologue.o)
                0x00003d08                __prologue_saves__
 .text.libgcc.prologue
                0x00003d40       0x36 c:/program files (x86)/atmel/studio/7.0/toolchain/avr8/avr8-gnu-toolchain/bin/../lib/gcc/avr/4.9.2/avr5\libgcc.a(_epilogue.o)
                0x00003d40                __epilogue_restores__
 .text.libgcc.mul
                0x00003d76       0x1e c:/program files (x86)/atmel/studio/7.0/toolchain/avr8/avr8-gnu-toolchain/bin/../lib/gcc/avr/4.9.2/avr5\libgcc.a(_umulhisi3.o)
                0x00003d76                __umulhisi3
 .text.avr-libc
                0x00003d94      0x25a c:/program files (x86)/atmel/studio/7.0/toolchain/avr8/avr8-gnu-toolchain/bin/../lib/gcc/avr/4.9.2/../../../../avr/lib/avr5\libc.a(malloc.o)
                0x00003d94                malloc
                0x00003ebe                free
 .text.avr-libc
                0x00003fee      0x1b0 c:/program files (x86)/atmel/studio/7.0/toolchain/avr8/avr8-gnu-toolchain/bin/../lib/gcc/avr/4.9.2/../../../../avr/lib/avr5\libc.a(ftoa_engine.o)
                0x00003fee                __ftoa_engine
 .text.avr-libc
                0x0000419e       0x16 c:/program files (x86)/atmel/studio/7.0/toolchain/avr8/avr8-gnu-toolchain/bin/../lib/gcc/avr/4.9.2/../../../../avr/lib/avr5\libc.a(strnlen_P.o)
                0x0000419e                strnlen_P
 .text.avr-libc
                0x000041b4       0x16 c:/program files (x86)/atmel/studio/7.0/toolchain/avr8/avr8-gnu-toolchain/bin/../lib/gcc/avr/4.9.2/../../../../avr/lib/avr5\libc.a(strnlen.o)
                0x000041b4                strnlen
 .text.avr-libc
                0x000041ca       0x70 c:/program files (x86)/atmel/studio/7.0/toolchain/avr8/avr8-gnu-toolchain/bin/../lib/gcc/avr/4.9.2/../../../../avr/lib/avr5\libc.a(fputc.o)
                0x000041ca                fputc
 .text.avr-libc
                0x0000423a       0x2c c:/program files (x86)/atmel/studio/7.0/toolchain/avr8/avr8-gnu-toolchain/bin/../lib/gcc/avr/4.9.2/../../../../avr/lib/avr5\libc.a(printf.o)
                0x0000423a                printf
 .text.avr-libc
                0x00004266       0xbc c:/program files (x86)/atmel/studio/7.0/toolchain/avr8/avr8-gnu-toolchain/bin/../lib/gcc/avr/4.9.2/../../../../avr/lib/avr5\libc.a(ultoa_invert.o)
                0x00004266                __ultoa_invert
                0x00004322                . = ALIGN (0x2)
 *(.fini9)
 .fini9         0x00004322        0x0 c:/program files (x86)/atmel/studio/7.0/toolchain/avr8/avr8-gnu-toolchain/bin/../lib/gcc/avr/4.9.2/avr5\libgcc.a(_exit.o)
                0x00004322                _exit
                0x00004322                exit
 *(.fini9)
 *(.fini8)
 *(.fini8)
 *(.fini7)
 *(.fini7)
 *(.fini6)
 *(.fini6)
 *(.fini5)
 *(.fini5)
 *(.fini4)
 *(.fini4)
 *(.fini3)
 *(.fini3)
 *(.fini2)
 *(.fini2)
 *(.fini1)
 *(.fini1)
 *(.fini0)
 .fini0         0x00004322        0x4 c:/program files (x86)/atmel/studio/7.0/toolchain/avr8/avr8-gnu-toolchain/bin/../lib/gcc/avr/4.9.2/avr5\libgcc.a(_exit.o)
 *(.fini0)
                0x00004326                _etext = .

.data           0x00800100       0x78 load address 0x00004326
                0x00800100                PROVIDE (__data_start, .)
 *(.data)
 .data          0x00800100        0xe ../../../lib-includes/capi324v22x-v2.06.000R\libcapi324v22x.a(LCD_globals.o)
                0x00800100                LCD_stdout
 .data          0x0080010e        0x9 ../../../lib-includes/capi324v22x-v2.06.000R\libcapi324v22x.a(PSXC_globals.o)
                0x0080010e                psxc_poll_seq
 .data          0x00800117        0x8 ../../../lib-includes/capi324v22x-v2.06.000R\libcapi324v22x.a(STEPPER_globals.o)
                0x00800117                Motor_L_LUT
                0x0080011b                Motor_R_LUT
 .data          0x0080011f        0x6 c:/program files (x86)/atmel/studio/7.0/toolchain/avr8/avr8-gnu-toolchain/bin/../lib/gcc/avr/4.9.2/../../../../avr/lib/avr5\libc.a(malloc.o)
                0x0080011f                __malloc_heap_end
                0x00800121                __malloc_heap_start
                0x00800123                __malloc_margin
 *(.data*)
 *(.rodata)
 *(.rodata*)
 .rodata.str1.1
                0x00800125       0x52 main.o
 *(.gnu.linkonce.d*)
                0x00800178                . = ALIGN (0x2)
 *fill*         0x00800177        0x1 
                0x00800178                _edata = .
                0x00800178                PROVIDE (__data_end, .)

.bss            0x00800178      0x101
                0x00800178                PROVIDE (__bss_start, .)
 *(.bss)
 .bss           0x00800178        0x2 ../../../lib-includes/capi324v22x-v2.06.000R\libcapi324v22x.a(STEPPER_step.o)
 .bss           0x0080017a        0x2 ../../../lib-includes/capi324v22x-v2.06.000R\libcapi324v22x.a(STEPPER_step2.o)
 .bss           0x0080017c       0x40 ../../../lib-includes/capi324v22x-v2.06.000R\libcapi324v22x.a(ISR_globals.o)
                0x0080017c                CBOT_ISR_vtable
 .bss           0x008001bc        0x9 ../../../lib-includes/capi324v22x-v2.06.000R\libcapi324v22x.a(PSXC_globals.o)
                0x008001bc                psxc_response
 .bss           0x008001c5       0x10 ../../../lib-includes/capi324v22x-v2.06.000R\libcapi324v22x.a(SPI_globals.o)
                0x008001c5                spi_config_func_LUT
 .bss           0x008001d5       0x10 ../../../lib-includes/capi324v22x-v2.06.000R\libcapi324v22x.a(SPKR_globals.o)
                0x008001d5                tone_mode_active
                0x008001d6                beep_mode_active
                0x008001d7                spkr_accum32
                0x008001db                spkr_freq
                0x008001df                beep_accum16
                0x008001e1                beep_freq
                0x008001e3                p_Freq_LUT
 .bss           0x008001e5        0x2 ../../../lib-includes/capi324v22x-v2.06.000R\libcapi324v22x.a(TMRSRVC_globals.o)
                0x008001e5                timer_busy_status
                0x008001e6                timer_run_status
 .bss           0x008001e7        0x1 ../../../lib-includes/capi324v22x-v2.06.000R\libcapi324v22x.a(STEPPER_process_run_mode.o)
 .bss           0x008001e8        0x4 ../../../lib-includes/capi324v22x-v2.06.000R\libcapi324v22x.a(STEPPER_process_pwm.o)
 *(.bss*)
 *(COMMON)
 COMMON         0x008001ec       0x15 ../../../lib-includes/capi324v22x-v2.06.000R\libcapi324v22x.a(SYS_globals.o)
                0x008001ec                CBOT_SYSTEM_refcount
 COMMON         0x00800201        0x5 ../../../lib-includes/capi324v22x-v2.06.000R\libcapi324v22x.a(LCD_globals.o)
                0x00800201                LCD_params
 COMMON         0x00800206        0xe ../../../lib-includes/capi324v22x-v2.06.000R\libcapi324v22x.a(PSXC_globals.o)
                0x00800206                PSXC_params
                0x0080020b                psxc_test_timer
 COMMON         0x00800214        0x1 ../../../lib-includes/capi324v22x-v2.06.000R\libcapi324v22x.a(SPI_globals.o)
                0x00800214                curr_spi_addr
 COMMON         0x00800215       0x39 ../../../lib-includes/capi324v22x-v2.06.000R\libcapi324v22x.a(STEPPER_globals.o)
                0x00800215                STEPPER_params
                0x0080024c                step_done
 COMMON         0x0080024e       0x1e ../../../lib-includes/capi324v22x-v2.06.000R\libcapi324v22x.a(ATTINY_globals.o)
                0x0080024e                ATTINY_params
 COMMON         0x0080026c        0x3 ../../../lib-includes/capi324v22x-v2.06.000R\libcapi324v22x.a(TMRSRVC_globals.o)
                0x0080026c                tmrNodes
 COMMON         0x0080026f        0x4 c:/program files (x86)/atmel/studio/7.0/toolchain/avr8/avr8-gnu-toolchain/bin/../lib/gcc/avr/4.9.2/../../../../avr/lib/avr5\libc.a(malloc.o)
                0x0080026f                __brkval
                0x00800271                __flp
 COMMON         0x00800273        0x6 c:/program files (x86)/atmel/studio/7.0/toolchain/avr8/avr8-gnu-toolchain/bin/../lib/gcc/avr/4.9.2/../../../../avr/lib/avr5\libc.a(iob.o)
                0x00800273                __iob
                0x00800279                PROVIDE (__bss_end, .)
                0x00004326                __data_load_start = LOADADDR (.data)
                0x0000439e                __data_load_end = (__data_load_start + SIZEOF (.data))

.noinit         0x00800279        0x0
                [!provide]                PROVIDE (__noinit_start, .)
 *(.noinit*)
                [!provide]                PROVIDE (__noinit_end, .)
                0x00800279                _end = .
                0x00800279                PROVIDE (__heap_start, .)

.eeprom         0x00810000        0x0
 *(.eeprom*)
                0x00810000                __eeprom_end = .

.fuse
 *(.fuse)
 *(.lfuse)
 *(.hfuse)
 *(.efuse)

.lock
 *(.lock*)

.signature
 *(.signature*)

.user_signatures
 *(.user_signatures*)

.stab
 *(.stab)

.stabstr
 *(.stabstr)

.stab.excl
 *(.stab.excl)

.stab.exclstr
 *(.stab.exclstr)

.stab.index
 *(.stab.index)

.stab.indexstr
 *(.stab.indexstr)

.comment        0x00000000       0x5c
 *(.comment)
 .comment       0x00000000       0x30 main.o
                                 0x31 (size before relaxing)
 .comment       0x00000030       0x2c c:/program files (x86)/atmel/studio/7.0/toolchain/avr8/avr8-gnu-toolchain/bin/../lib/gcc/avr/4.9.2/../../../../avr/lib/avr5\libprintf_flt.a(vfprintf_flt.o)
                                 0x2d (size before relaxing)
 .comment       0x0000005c       0x31 c:/program files (x86)/atmel/studio/7.0/toolchain/avr8/avr8-gnu-toolchain/bin/../lib/gcc/avr/4.9.2/../../../../avr/lib/avr5\libc.a(malloc.o)
 .comment       0x0000005c       0x31 c:/program files (x86)/atmel/studio/7.0/toolchain/avr8/avr8-gnu-toolchain/bin/../lib/gcc/avr/4.9.2/../../../../avr/lib/avr5\libc.a(fputc.o)
 .comment       0x0000005c       0x31 c:/program files (x86)/atmel/studio/7.0/toolchain/avr8/avr8-gnu-toolchain/bin/../lib/gcc/avr/4.9.2/../../../../avr/lib/avr5\libc.a(iob.o)
 .comment       0x0000005c       0x31 c:/program files (x86)/atmel/studio/7.0/toolchain/avr8/avr8-gnu-toolchain/bin/../lib/gcc/avr/4.9.2/../../../../avr/lib/avr5\libc.a(printf.o)

.note.gnu.avr.deviceinfo
                0x00000000       0x40
 .note.gnu.avr.deviceinfo
                0x00000000       0x40 C:/Program Files (x86)/Atmel/Studio/7.0/Packs/atmel/ATmega_DFP/1.0.106/gcc/dev/atmega324p/avr5/crtatmega324p.o

.note.gnu.build-id
 *(.note.gnu.build-id)

.debug
 *(.debug)

.line
 *(.line)

.debug_srcinfo
 *(.debug_srcinfo)

.debug_sfnames
 *(.debug_sfnames)

.debug_aranges  0x00000000       0x20
 *(.debug_aranges)
 .debug_aranges
                0x00000000       0x20 main.o

.debug_pubnames
 *(.debug_pubnames)

.debug_info     0x00000000      0x6ac
 *(.debug_info .gnu.linkonce.wi.*)
 .debug_info    0x00000000      0x6ac main.o

.debug_abbrev   0x00000000      0x1aa
 *(.debug_abbrev)
 .debug_abbrev  0x00000000      0x1aa main.o

.debug_line     0x00000000      0x242
 *(.debug_line .debug_line.* .debug_line_end)
 .debug_line    0x00000000      0x242 main.o

.debug_frame    0x00000000       0x34
 *(.debug_frame)
 .debug_frame   0x00000000       0x34 main.o

.debug_str      0x00000000      0x4ac
 *(.debug_str)
 .debug_str     0x00000000      0x4ac main.o
                                0x4e5 (size before relaxing)

.debug_loc      0x00000000       0xcc
 *(.debug_loc)
 .debug_loc     0x00000000       0xcc main.o

.debug_macinfo
 *(.debug_macinfo)

.debug_weaknames
 *(.debug_weaknames)

.debug_funcnames
 *(.debug_funcnames)

.debug_typenames
 *(.debug_typenames)

.debug_varnames
 *(.debug_varnames)

.debug_pubtypes
 *(.debug_pubtypes)

.debug_ranges   0x00000000       0x28
 *(.debug_ranges)
 .debug_ranges  0x00000000       0x28 main.o

.debug_macro
 *(.debug_macro)
OUTPUT(New_CEENbot2.elf elf32-avr)
LOAD linker stubs
